[2026-07-05 21:33:45,503][absl][INFO] - Device count: 1, process count: 1 (id 0), local device count: 1, devices to be used count: 1
[2026-07-05 21:33:46,489][root][INFO] - Using JAX default device: TFRT_CPU_0.
[2026-07-05 21:33:55,657][root][INFO] - Using JAX default device: TFRT_CPU_0.
[2026-07-05 21:34:02,164][root][INFO] - Using JAX default device: TFRT_CPU_0.
[2026-07-05 21:35:27,851][absl][INFO] - {'eval/walltime': 85.72842168807983, 'eval/episode_reward': np.float32(-49.027767), 'eval/episode_reward/action_accel': np.float32(19683.545), 'eval/episode_reward/action_rate': np.float32(6554.8564), 'eval/episode_reward/ang_vel_xy': np.float32(1660.9486), 'eval/episode_reward/energy': np.float32(85647.49), 'eval/episode_reward/feet_air_time': np.float32(-4.4903107), 'eval/episode_reward/feet_phase': np.float32(347.11877), 'eval/episode_reward/feet_slip': np.float32(635.1979), 'eval/episode_reward/height_tracking': np.float32(732.03723), 'eval/episode_reward/lin_vel_z': np.float32(8.64561), 'eval/episode_reward/orientation': np.float32(11.989569), 'eval/episode_reward/pose': np.float32(396.10925), 'eval/episode_reward/stand_still': np.float32(360.70074), 'eval/episode_reward/termination': np.float32(0.03125), 'eval/episode_reward/torques': np.float32(238256.94), 'eval/episode_reward/tracking_ang_vel': np.float32(478.32025), 'eval/episode_reward/tracking_lin_vel': np.float32(412.87805), 'eval/episode_reward_std': np.float32(9.074193), 'eval/episode_reward/action_accel_std': np.float32(1904.2769), 'eval/episode_reward/action_rate_std': np.float32(629.247), 'eval/episode_reward/ang_vel_xy_std': np.float32(587.76874), 'eval/episode_reward/energy_std': np.float32(21600.512), 'eval/episode_reward/feet_air_time_std': np.float32(2.586119), 'eval/episode_reward/feet_phase_std': np.float32(84.76984), 'eval/episode_reward/feet_slip_std': np.float32(288.1058), 'eval/episode_reward/height_tracking_std': np.float32(226.3089), 'eval/episode_reward/lin_vel_z_std': np.float32(2.8597746), 'eval/episode_reward/orientation_std': np.float32(10.002755), 'eval/episode_reward/pose_std': np.float32(205.93748), 'eval/episode_reward/stand_still_std': np.float32(411.82465), 'eval/episode_reward/termination_std': np.float32(0.17399263), 'eval/episode_reward/torques_std': np.float32(53101.82), 'eval/episode_reward/tracking_ang_vel_std': np.float32(143.98239), 'eval/episode_reward/tracking_lin_vel_std': np.float32(193.70477), 'eval/avg_episode_length': np.float32(988.1719), 'eval/std_episode_length': np.float32(91.45038), 'eval/epoch_eval_time': 85.72842168807983, 'eval/sps': 1493.0870938663022}
[2026-07-05 21:35:27,855][absl][INFO] - starting iteration 0 102.35221600532532
[2026-07-05 21:59:24,242][absl][INFO] - Device count: 1, process count: 1 (id 0), local device count: 1, devices to be used count: 1
[2026-07-05 21:59:25,367][root][INFO] - Using JAX default device: TFRT_CPU_0.
[2026-07-05 21:59:34,622][root][INFO] - Using JAX default device: TFRT_CPU_0.
[2026-07-05 21:59:41,631][root][INFO] - Using JAX default device: TFRT_CPU_0.
[2026-07-05 22:00:11,173][absl][INFO] - {'eval/walltime': 29.583867073059082, 'eval/episode_reward': np.float32(-9.515944), 'eval/episode_reward/action_accel': np.float32(4001.3076), 'eval/episode_reward/action_rate': np.float32(1339.3181), 'eval/episode_reward/ang_vel_xy': np.float32(363.98077), 'eval/episode_reward/energy': np.float32(17166.918), 'eval/episode_reward/feet_air_time': np.float32(-0.84625006), 'eval/episode_reward/feet_phase': np.float32(68.71417), 'eval/episode_reward/feet_slip': np.float32(128.47571), 'eval/episode_reward/height_tracking': np.float32(159.32758), 'eval/episode_reward/lin_vel_z': np.float32(1.7364905), 'eval/episode_reward/orientation': np.float32(1.7095935), 'eval/episode_reward/pose': np.float32(65.75843), 'eval/episode_reward/stand_still': np.float32(67.74907), 'eval/episode_reward/termination': np.float32(0.0078125), 'eval/episode_reward/torques': np.float32(45762.86), 'eval/episode_reward/tracking_ang_vel': np.float32(91.82481), 'eval/episode_reward/tracking_lin_vel': np.float32(87.96054), 'eval/episode_reward_std': np.float32(2.7290518), 'eval/episode_reward/action_accel_std': np.float32(351.46783), 'eval/episode_reward/action_rate_std': np.float32(114.570915), 'eval/episode_reward/ang_vel_xy_std': np.float32(131.85742), 'eval/episode_reward/energy_std': np.float32(4582.835), 'eval/episode_reward/feet_air_time_std': np.float32(0.712613), 'eval/episode_reward/feet_phase_std': np.float32(32.912766), 'eval/episode_reward/feet_slip_std': np.float32(86.54422), 'eval/episode_reward/height_tracking_std': np.float32(43.414482), 'eval/episode_reward/lin_vel_z_std': np.float32(0.60906327), 'eval/episode_reward/orientation_std': np.float32(2.1169822), 'eval/episode_reward/pose_std': np.float32(39.584446), 'eval/episode_reward/stand_still_std': np.float32(148.6111), 'eval/episode_reward/termination_std': np.float32(0.0880424), 'eval/episode_reward/torques_std': np.float32(11180.716), 'eval/episode_reward/tracking_ang_vel_std': np.float32(54.58189), 'eval/episode_reward/tracking_lin_vel_std': np.float32(67.85323), 'eval/avg_episode_length': np.float32(198.6875), 'eval/std_episode_length': np.float32(14.791123), 'eval/epoch_eval_time': 29.583867073059082, 'eval/sps': 865.336500356066}
[2026-07-05 22:00:11,177][absl][INFO] - starting iteration 0 46.93572926521301
[2026-07-05 22:00:27,958][root][INFO] - Using JAX default device: TFRT_CPU_0.
[2026-07-05 22:01:15,968][root][INFO] - saving checkpoint to LOCAL_PATH
[2026-07-05 22:01:15,970][absl][INFO] - orbax-checkpoint version: 0.12.1
[2026-07-05 22:01:15,970][absl][INFO] - save_device_host_concurrent_bytes=None
[2026-07-05 22:01:15,971][absl][INFO] - Created BasePyTreeCheckpointHandler: use_ocdbt=True, use_zarr3=False, pytree_metadata_options=PyTreeMetadataOptions(support_rich_types=False), array_metadata_store=<orbax.checkpoint._src.metadata.array_metadata_store.Store object at 0x11cfd3e90>, enable_pinned_host_transfer=False, save_concurrent_bytes: 96000000000 (89.4 GiB), restore_concurrent_bytes: 96000000000 (89.4 GiB)
[2026-07-05 22:01:15,971][absl][INFO] - [thread=MainThread] Failed to get flag value for EXPERIMENTAL_ORBAX_USE_DISTRIBUTED_PROCESS_ID.
[2026-07-05 22:01:15,971][absl][INFO] - [process=0] [sync] Started save checkpoint @ LOCAL_PATH
[2026-07-05 22:01:15,971][absl][INFO] - Specified `force`: removing existing directory.
[2026-07-05 22:01:15,974][absl][INFO] - Creating tmp directory LOCAL_PATH
[2026-07-05 22:01:15,976][absl][INFO] - Wrote Metadata={'item_handlers': None, 'metrics': {}, 'performance_metrics': {}, 'init_timestamp_nsecs': 1783281675975121000, 'commit_timestamp_nsecs': None, 'custom_metadata': {}}, json={"item_handlers": null, "metrics": {}, "performance_metrics": {}, "init_timestamp_nsecs": 1783281675975121000, "commit_timestamp_nsecs": null, "custom_metadata": {}} to LOCAL_PATH
[2026-07-05 22:01:15,979][absl][INFO] - Using ThreadSafeKeyValueSignalingClient
[2026-07-05 22:01:15,980][absl][INFO] - Scheduling D2H of 25 prioritized jax.Array.
[2026-07-05 22:01:15,980][absl][INFO] - Transferring arrays to host memory with options: use_replica_parallel=True, min_slice_bytes_for_replica_parallel=None, max_replicas_for_replica_parallel=None, enable_pinned_host_transfer=False
[2026-07-05 22:01:15,988][absl][INFO] - [process=0][thread=MainThread] Initiated "orbax.checkpoint._src.serialization.jax_array_handlers.ArrayHandler".serialize. Time taken: 0.010030s
[2026-07-05 22:01:15,997][absl][INFO] - MemoryRegulated: Peak usage: 0.000000 GiB
[2026-07-05 22:01:15,997][absl][INFO] - [process=0] /jax/orbax/write/blocking_gbytes_per_sec: 71.380 MiB/s (total size: 1.5 MiB) (time elapsed: 0.020780086517333984 s) (global)
[2026-07-05 22:01:15,997][absl][INFO] - [process=0][thread=MainThread] Initiated Pytree async_save. Time taken: 0.020945s (batch_requests_ready=0.002039s, total_serialization_initiated=0.018556s, others=0.000350s)
[2026-07-05 22:01:15,997][absl][INFO] - [process=0][thread=MainThread][operation_id=1] _SignalingThread.join() waiting for signals ([]) blocking the main thread will slow down blocking save times. This is likely due to main thread calling result() on a CommitFuture.
[2026-07-05 22:01:15,998][absl][INFO] - [process=0][thread=array_type_handler] Wrote 25 array_metadata.ArrayMetadata to LOCAL_PATH
[2026-07-05 22:01:16,012][absl][INFO] - [process=0] /jax/orbax/write/worker/io/requested throughput: 63.888 MiB/s (total gbytes: 1.5 MiB) (time elapsed: 0.023216962814331055 s) (per-host)
[2026-07-05 22:01:16,012][absl][INFO] - [process=0] Raw /jax/orbax/write/worker/io/raw throughput: 59.117 MiB/s (total gbytes: 1.4 MiB) (time elapsed: 0.023216962814331055 s) (per-host)
[2026-07-05 22:01:16,012][absl][INFO] - [process=0] Write ratio (raw/logical): 0.925 (1.4 MiB / 1.5 MiB)
[2026-07-05 22:01:16,015][absl][INFO] - [process=0][thread=write_metadata_after_commits] Commit + Array metadata written. Time taken: 0.017412s (commit=0.015779s, array_metadata_write=0.001633s)
[2026-07-05 22:01:16,015][absl][INFO] - [process=0] /jax/orbax/write/gbytes_per_sec: 38.121 MiB/s (total size: 1.5 MiB) (time elapsed: 0.038909912109375 s) (global)
[2026-07-05 22:01:16,016][absl][INFO] - Read Metadata={'item_handlers': None, 'metrics': {}, 'performance_metrics': {}, 'init_timestamp_nsecs': 1783281675975121000, 'commit_timestamp_nsecs': None, 'custom_metadata': {}} from LOCAL_PATH
[2026-07-05 22:01:16,016][absl][INFO] - Updated Metadata={'item_handlers': 'orbax.checkpoint._src.handlers.pytree_checkpoint_handler.PyTreeCheckpointHandler', 'metrics': {}, 'performance_metrics': {}, 'init_timestamp_nsecs': 1783281675975121000, 'commit_timestamp_nsecs': None, 'custom_metadata': {}} to LOCAL_PATH
[2026-07-05 22:01:16,016][absl][INFO] - [process=0] [sync] Finished blocking save in 0.05 seconds. Continuing save @ LOCAL_PATH
[2026-07-05 22:01:16,017][absl][INFO] - [process=0][thread=MainThread] Skipped cross-host ArrayMetadata validation because only one process is found: process_index=0.
[2026-07-05 22:01:16,019][absl][INFO] - [process=0][thread=MainThread] Pytree save finalize (merge_ocdbt + ArrayMetadata validation) completed. Time taken: 0.002793s. use_zarr3=False, enable_post_merge_validation=True, directory=LOCAL_PATH
[2026-07-05 22:01:16,019][absl][INFO] - Renaming LOCAL_PATH to LOCAL_PATH
[2026-07-05 22:01:16,020][absl][INFO] - [process=0][thread=MainThread] Finished saving checkpoint (finalized tmp dir) to `LOCAL_PATH
[2026-07-05 22:01:16,020][absl][INFO] - [process=0] [sync] Finished save in 0.05 seconds @ LOCAL_PATH
[2026-07-05 22:01:16,082][root][INFO] - Using JAX default device: TFRT_CPU_0.
[2026-07-05 22:01:45,845][absl][INFO] - {'eval/walltime': 59.40550208091736, 'training/sps': np.float64(14655.894369200043), 'training/walltime': 57.93589377403259, 'training/entropy_loss': Array(-0.05611207, dtype=float32), 'training/kl_mean': Array(0.03393114, dtype=float32), 'training/learning_rate': Array(0.0003, dtype=float32), 'training/policy_dist_max_loc': Array(0.98897296, dtype=float32), 'training/policy_dist_max_std': Array(0.9754962, dtype=float32), 'training/policy_dist_mean_loc': Array(-0.0351239, dtype=float32), 'training/policy_dist_mean_std': Array(0.53414893, dtype=float32), 'training/policy_dist_min_loc': Array(-1.1562291, dtype=float32), 'training/policy_dist_min_std': Array(0.2414131, dtype=float32), 'training/policy_loss': Array(-0.05289939, dtype=float32), 'training/total_loss': Array(-0.10744876, dtype=float32), 'training/v_loss': Array(0.0015627, dtype=float32), 'eval/episode_reward': np.float32(-1.0293183), 'eval/episode_reward/action_accel': np.float32(2031.3707), 'eval/episode_reward/action_rate': np.float32(739.0576), 'eval/episode_reward/ang_vel_xy': np.float32(252.54245), 'eval/episode_reward/energy': np.float32(12228.779), 'eval/episode_reward/feet_air_time': np.float32(-0.574375), 'eval/episode_reward/feet_phase': np.float32(72.08769), 'eval/episode_reward/feet_slip': np.float32(104.365974), 'eval/episode_reward/height_tracking': np.float32(184.82759), 'eval/episode_reward/lin_vel_z': np.float32(1.762054), 'eval/episode_reward/orientation': np.float32(0.58114266), 'eval/episode_reward/pose': np.float32(32.5081), 'eval/episode_reward/stand_still': np.float32(39.950268), 'eval/episode_reward/termination': np.float32(0.0), 'eval/episode_reward/torques': np.float32(35975.03), 'eval/episode_reward/tracking_ang_vel': np.float32(94.75686), 'eval/episode_reward/tracking_lin_vel': np.float32(78.595825), 'eval/episode_reward_std': np.float32(1.9235401), 'eval/episode_reward/action_accel_std': np.float32(140.1906), 'eval/episode_reward/action_rate_std': np.float32(44.97274), 'eval/episode_reward/ang_vel_xy_std': np.float32(86.0866), 'eval/episode_reward/energy_std': np.float32(2736.796), 'eval/episode_reward/feet_air_time_std': np.float32(0.4842258), 'eval/episode_reward/feet_phase_std': np.float32(28.345278), 'eval/episode_reward/feet_slip_std': np.float32(66.77921), 'eval/episode_reward/height_tracking_std': np.float32(9.841586), 'eval/episode_reward/lin_vel_z_std': np.float32(0.7246164), 'eval/episode_reward/orientation_std': np.float32(0.19526401), 'eval/episode_reward/pose_std': np.float32(9.08403), 'eval/episode_reward/stand_still_std': np.float32(103.60198), 'eval/episode_reward/termination_std': np.float32(0.0), 'eval/episode_reward/torques_std': np.float32(6884.752), 'eval/episode_reward/tracking_ang_vel_std': np.float32(54.6581), 'eval/episode_reward/tracking_lin_vel_std': np.float32(66.81575), 'eval/avg_episode_length': np.float32(200.0), 'eval/std_episode_length': np.float32(0.0), 'eval/epoch_eval_time': 29.821635007858276, 'eval/sps': 858.4371713104987}
[2026-07-05 22:01:45,986][absl][INFO] - total steps: 51200
[2026-07-05 22:18:03,391][absl][INFO] - Device count: 1, process count: 1 (id 0), local device count: 1, devices to be used count: 1
[2026-07-05 22:18:04,793][root][INFO] - Using JAX default device: TFRT_CPU_0.
[2026-07-05 22:18:14,872][root][INFO] - Using JAX default device: TFRT_CPU_0.
[2026-07-05 22:18:21,399][root][INFO] - Using JAX default device: TFRT_CPU_0.
[2026-07-05 22:18:52,176][absl][INFO] - {'eval/walltime': 30.81945013999939, 'eval/episode_reward': np.float32(-9.515944), 'eval/episode_reward/action_accel': np.float32(4001.3076), 'eval/episode_reward/action_rate': np.float32(1339.3181), 'eval/episode_reward/ang_vel_xy': np.float32(363.98077), 'eval/episode_reward/energy': np.float32(17166.918), 'eval/episode_reward/feet_air_time': np.float32(-0.84625006), 'eval/episode_reward/feet_phase': np.float32(68.71417), 'eval/episode_reward/feet_slip': np.float32(128.47571), 'eval/episode_reward/height_tracking': np.float32(159.32758), 'eval/episode_reward/lin_vel_z': np.float32(1.7364905), 'eval/episode_reward/orientation': np.float32(1.7095935), 'eval/episode_reward/pose': np.float32(65.75843), 'eval/episode_reward/stand_still': np.float32(67.74907), 'eval/episode_reward/termination': np.float32(0.0078125), 'eval/episode_reward/torques': np.float32(45762.86), 'eval/episode_reward/tracking_ang_vel': np.float32(91.82481), 'eval/episode_reward/tracking_lin_vel': np.float32(87.96054), 'eval/episode_reward_std': np.float32(2.7290518), 'eval/episode_reward/action_accel_std': np.float32(351.46783), 'eval/episode_reward/action_rate_std': np.float32(114.570915), 'eval/episode_reward/ang_vel_xy_std': np.float32(131.85742), 'eval/episode_reward/energy_std': np.float32(4582.835), 'eval/episode_reward/feet_air_time_std': np.float32(0.712613), 'eval/episode_reward/feet_phase_std': np.float32(32.912766), 'eval/episode_reward/feet_slip_std': np.float32(86.54422), 'eval/episode_reward/height_tracking_std': np.float32(43.414482), 'eval/episode_reward/lin_vel_z_std': np.float32(0.60906327), 'eval/episode_reward/orientation_std': np.float32(2.1169822), 'eval/episode_reward/pose_std': np.float32(39.584446), 'eval/episode_reward/stand_still_std': np.float32(148.6111), 'eval/episode_reward/termination_std': np.float32(0.0880424), 'eval/episode_reward/torques_std': np.float32(11180.716), 'eval/episode_reward/tracking_ang_vel_std': np.float32(54.58189), 'eval/episode_reward/tracking_lin_vel_std': np.float32(67.85323), 'eval/avg_episode_length': np.float32(198.6875), 'eval/std_episode_length': np.float32(14.791123), 'eval/epoch_eval_time': 30.81945013999939, 'eval/sps': 830.6442809235826}
[2026-07-05 22:18:52,180][absl][INFO] - starting iteration 0 48.78913617134094
[2026-07-05 22:19:09,649][root][INFO] - Using JAX default device: TFRT_CPU_0.
[2026-07-05 23:30:59,365][absl][INFO] - Device count: 1, process count: 1 (id 0), local device count: 1, devices to be used count: 1
[2026-07-05 23:31:00,393][root][INFO] - Using JAX default device: TFRT_CPU_0.
[2026-07-05 23:31:09,573][root][INFO] - Using JAX default device: TFRT_CPU_0.
[2026-07-05 23:31:15,993][root][INFO] - Using JAX default device: TFRT_CPU_0.
[2026-07-05 23:31:43,433][absl][INFO] - {'eval/walltime': 27.483227729797363, 'eval/episode_reward': np.float32(-5.3529334), 'eval/episode_reward/action_accel': np.float32(4001.3076), 'eval/episode_reward/action_rate': np.float32(1339.3181), 'eval/episode_reward/ang_vel_xy': np.float32(363.98077), 'eval/episode_reward/contact_match': np.float32(85.77539), 'eval/episode_reward/energy': np.float32(17166.918), 'eval/episode_reward/feet_air_time': np.float32(-0.84625006), 'eval/episode_reward/feet_phase': np.float32(99.07699), 'eval/episode_reward/feet_slip': np.float32(128.47571), 'eval/episode_reward/height_tracking': np.float32(142.60724), 'eval/episode_reward/lin_vel_z': np.float32(1.7364905), 'eval/episode_reward/orientation': np.float32(1.7095935), 'eval/episode_reward/pose': np.float32(65.75843), 'eval/episode_reward/stand_still': np.float32(67.74907), 'eval/episode_reward/termination': np.float32(0.0078125), 'eval/episode_reward/torques': np.float32(45762.86), 'eval/episode_reward/tracking_ang_vel': np.float32(91.82481), 'eval/episode_reward/tracking_lin_vel': np.float32(87.96054), 'eval/episode_reward_std': np.float32(4.4099493), 'eval/episode_reward/action_accel_std': np.float32(351.46783), 'eval/episode_reward/action_rate_std': np.float32(114.570915), 'eval/episode_reward/ang_vel_xy_std': np.float32(131.85742), 'eval/episode_reward/contact_match_std': np.float32(42.07421), 'eval/episode_reward/energy_std': np.float32(4582.835), 'eval/episode_reward/feet_air_time_std': np.float32(0.712613), 'eval/episode_reward/feet_phase_std': np.float32(47.66871), 'eval/episode_reward/feet_slip_std': np.float32(86.54422), 'eval/episode_reward/height_tracking_std': np.float32(46.84845), 'eval/episode_reward/lin_vel_z_std': np.float32(0.60906327), 'eval/episode_reward/orientation_std': np.float32(2.1169822), 'eval/episode_reward/pose_std': np.float32(39.584446), 'eval/episode_reward/stand_still_std': np.float32(148.6111), 'eval/episode_reward/termination_std': np.float32(0.0880424), 'eval/episode_reward/torques_std': np.float32(11180.716), 'eval/episode_reward/tracking_ang_vel_std': np.float32(54.58189), 'eval/episode_reward/tracking_lin_vel_std': np.float32(67.85323), 'eval/avg_episode_length': np.float32(198.6875), 'eval/std_episode_length': np.float32(14.791123), 'eval/epoch_eval_time': 27.483227729797363, 'eval/sps': 931.4771995373904}
[2026-07-05 23:31:43,435][absl][INFO] - starting iteration 0 44.07006096839905
[2026-07-05 23:32:00,353][root][INFO] - Using JAX default device: TFRT_CPU_0.
[2026-07-05 23:32:48,243][root][INFO] - saving checkpoint to LOCAL_PATH
[2026-07-05 23:32:48,247][absl][INFO] - orbax-checkpoint version: 0.12.1
[2026-07-05 23:32:48,247][absl][INFO] - save_device_host_concurrent_bytes=None
[2026-07-05 23:32:48,248][absl][INFO] - Created BasePyTreeCheckpointHandler: use_ocdbt=True, use_zarr3=False, pytree_metadata_options=PyTreeMetadataOptions(support_rich_types=False), array_metadata_store=<orbax.checkpoint._src.metadata.array_metadata_store.Store object at 0x1114b89b0>, enable_pinned_host_transfer=False, save_concurrent_bytes: 96000000000 (89.4 GiB), restore_concurrent_bytes: 96000000000 (89.4 GiB)
[2026-07-05 23:32:48,248][absl][INFO] - [thread=MainThread] Failed to get flag value for EXPERIMENTAL_ORBAX_USE_DISTRIBUTED_PROCESS_ID.
[2026-07-05 23:32:48,248][absl][INFO] - [process=0] [sync] Started save checkpoint @ LOCAL_PATH
[2026-07-05 23:32:48,248][absl][INFO] - Specified `force`: removing existing directory.
[2026-07-05 23:32:48,251][absl][INFO] - Creating tmp directory LOCAL_PATH
[2026-07-05 23:32:48,253][absl][INFO] - Wrote Metadata={'item_handlers': None, 'metrics': {}, 'performance_metrics': {}, 'init_timestamp_nsecs': 1783287168253083000, 'commit_timestamp_nsecs': None, 'custom_metadata': {}}, json={"item_handlers": null, "metrics": {}, "performance_metrics": {}, "init_timestamp_nsecs": 1783287168253083000, "commit_timestamp_nsecs": null, "custom_metadata": {}} to LOCAL_PATH
[2026-07-05 23:32:48,256][absl][INFO] - Using ThreadSafeKeyValueSignalingClient
[2026-07-05 23:32:48,256][absl][INFO] - Scheduling D2H of 25 prioritized jax.Array.
[2026-07-05 23:32:48,261][absl][INFO] - Transferring arrays to host memory with options: use_replica_parallel=True, min_slice_bytes_for_replica_parallel=None, max_replicas_for_replica_parallel=None, enable_pinned_host_transfer=False
[2026-07-05 23:32:48,264][absl][INFO] - [process=0][thread=MainThread] Initiated "orbax.checkpoint._src.serialization.jax_array_handlers.ArrayHandler".serialize. Time taken: 0.008599s
[2026-07-05 23:32:48,272][absl][INFO] - MemoryRegulated: Peak usage: 0.000000 GiB
[2026-07-05 23:32:48,273][absl][INFO] - [process=0] /jax/orbax/write/blocking_gbytes_per_sec: 79.257 MiB/s (total size: 1.5 MiB) (time elapsed: 0.01871490478515625 s) (global)
[2026-07-05 23:32:48,273][absl][INFO] - [process=0][thread=MainThread] Initiated Pytree async_save. Time taken: 0.018877s (batch_requests_ready=0.001314s, total_serialization_initiated=0.017089s, others=0.000474s)
[2026-07-05 23:32:48,273][absl][INFO] - [process=0][thread=MainThread][operation_id=1] _SignalingThread.join() waiting for signals ([]) blocking the main thread will slow down blocking save times. This is likely due to main thread calling result() on a CommitFuture.
[2026-07-05 23:32:48,276][absl][INFO] - [process=0][thread=array_type_handler] Wrote 25 array_metadata.ArrayMetadata to LOCAL_PATH
[2026-07-05 23:32:48,289][absl][INFO] - [process=0] /jax/orbax/write/worker/io/requested throughput: 60.503 MiB/s (total gbytes: 1.5 MiB) (time elapsed: 0.02451610565185547 s) (per-host)
[2026-07-05 23:32:48,289][absl][INFO] - [process=0] Raw /jax/orbax/write/worker/io/raw throughput: 55.838 MiB/s (total gbytes: 1.4 MiB) (time elapsed: 0.02451610565185547 s) (per-host)
[2026-07-05 23:32:48,289][absl][INFO] - [process=0] Write ratio (raw/logical): 0.923 (1.4 MiB / 1.5 MiB)
[2026-07-05 23:32:48,291][absl][INFO] - [process=0][thread=write_metadata_after_commits] Commit + Array metadata written. Time taken: 0.016258s (commit=0.015058s, array_metadata_write=0.001200s)
[2026-07-05 23:32:48,291][absl][INFO] - [process=0] /jax/orbax/write/gbytes_per_sec: 39.800 MiB/s (total size: 1.5 MiB) (time elapsed: 0.037268877029418945 s) (global)
[2026-07-05 23:32:48,292][absl][INFO] - Read Metadata={'item_handlers': None, 'metrics': {}, 'performance_metrics': {}, 'init_timestamp_nsecs': 1783287168253083000, 'commit_timestamp_nsecs': None, 'custom_metadata': {}} from LOCAL_PATH
[2026-07-05 23:32:48,292][absl][INFO] - Updated Metadata={'item_handlers': 'orbax.checkpoint._src.handlers.pytree_checkpoint_handler.PyTreeCheckpointHandler', 'metrics': {}, 'performance_metrics': {}, 'init_timestamp_nsecs': 1783287168253083000, 'commit_timestamp_nsecs': None, 'custom_metadata': {}} to LOCAL_PATH
[2026-07-05 23:32:48,292][absl][INFO] - [process=0] [sync] Finished blocking save in 0.04 seconds. Continuing save @ LOCAL_PATH
[2026-07-05 23:32:48,293][absl][INFO] - [process=0][thread=MainThread] Skipped cross-host ArrayMetadata validation because only one process is found: process_index=0.
[2026-07-05 23:32:48,295][absl][INFO] - [process=0][thread=MainThread] Pytree save finalize (merge_ocdbt + ArrayMetadata validation) completed. Time taken: 0.002799s. use_zarr3=False, enable_post_merge_validation=True, directory=LOCAL_PATH
[2026-07-05 23:32:48,296][absl][INFO] - Renaming LOCAL_PATH to LOCAL_PATH
[2026-07-05 23:32:48,296][absl][INFO] - [process=0][thread=MainThread] Finished saving checkpoint (finalized tmp dir) to `LOCAL_PATH
[2026-07-05 23:32:48,297][absl][INFO] - [process=0] [sync] Finished save in 0.05 seconds @ LOCAL_PATH
[2026-07-05 23:32:48,362][root][INFO] - Using JAX default device: TFRT_CPU_0.
[2026-07-05 23:33:17,546][absl][INFO] - {'eval/walltime': 56.73031139373779, 'training/sps': np.float64(14011.850350863318), 'training/walltime': 57.816325664520264, 'training/entropy_loss': Array(-0.05919179, dtype=float32), 'training/kl_mean': Array(0.0343881, dtype=float32), 'training/learning_rate': Array(0.0003, dtype=float32), 'training/policy_dist_max_loc': Array(1.0867631, dtype=float32), 'training/policy_dist_max_std': Array(0.9556644, dtype=float32), 'training/policy_dist_mean_loc': Array(-0.04457325, dtype=float32), 'training/policy_dist_mean_std': Array(0.5675139, dtype=float32), 'training/policy_dist_min_loc': Array(-1.3503388, dtype=float32), 'training/policy_dist_min_std': Array(0.22217518, dtype=float32), 'training/policy_loss': Array(-0.0457839, dtype=float32), 'training/total_loss': Array(-0.09988552, dtype=float32), 'training/v_loss': Array(0.00509018, dtype=float32), 'eval/episode_reward': np.float32(3.3461194), 'eval/episode_reward/action_accel': np.float32(2331.1592), 'eval/episode_reward/action_rate': np.float32(834.1427), 'eval/episode_reward/ang_vel_xy': np.float32(260.79327), 'eval/episode_reward/contact_match': np.float32(93.25781), 'eval/episode_reward/energy': np.float32(13102.916), 'eval/episode_reward/feet_air_time': np.float32(-0.61656255), 'eval/episode_reward/feet_phase': np.float32(106.29485), 'eval/episode_reward/feet_slip': np.float32(107.35224), 'eval/episode_reward/height_tracking': np.float32(179.9071), 'eval/episode_reward/lin_vel_z': np.float32(1.6845456), 'eval/episode_reward/orientation': np.float32(0.7339205), 'eval/episode_reward/pose': np.float32(39.414642), 'eval/episode_reward/stand_still': np.float32(41.835575), 'eval/episode_reward/termination': np.float32(0.0), 'eval/episode_reward/torques': np.float32(38183.84), 'eval/episode_reward/tracking_ang_vel': np.float32(94.5533), 'eval/episode_reward/tracking_lin_vel': np.float32(78.32209), 'eval/episode_reward_std': np.float32(3.100497), 'eval/episode_reward/action_accel_std': np.float32(163.12088), 'eval/episode_reward/action_rate_std': np.float32(52.5869), 'eval/episode_reward/ang_vel_xy_std': np.float32(84.59874), 'eval/episode_reward/contact_match_std': np.float32(37.649403), 'eval/episode_reward/energy_std': np.float32(2975.2363), 'eval/episode_reward/feet_air_time_std': np.float32(0.51099855), 'eval/episode_reward/feet_phase_std': np.float32(42.013016), 'eval/episode_reward/feet_slip_std': np.float32(68.64106), 'eval/episode_reward/height_tracking_std': np.float32(15.67292), 'eval/episode_reward/lin_vel_z_std': np.float32(0.7159191), 'eval/episode_reward/orientation_std': np.float32(0.47208503), 'eval/episode_reward/pose_std': np.float32(10.680509), 'eval/episode_reward/stand_still_std': np.float32(107.67427), 'eval/episode_reward/termination_std': np.float32(0.0), 'eval/episode_reward/torques_std': np.float32(7610.342), 'eval/episode_reward/tracking_ang_vel_std': np.float32(52.47837), 'eval/episode_reward/tracking_lin_vel_std': np.float32(66.177795), 'eval/avg_episode_length': np.float32(200.0), 'eval/std_episode_length': np.float32(0.0), 'eval/epoch_eval_time': 29.24708366394043, 'eval/sps': 875.300946041433}
[2026-07-05 23:33:17,690][absl][INFO] - total steps: 51200
